/bin/bash: /Users/shrla/downloads/kccp-attendance/watch-and-deploy.sh: Operation not permitted
/bin/bash: /Users/shrla/downloads/kccp-attendance/watch-and-deploy.sh: Operation not permitted
/bin/bash: /Users/shrla/downloads/kccp-attendance/watch-and-deploy.sh: Operation not permitted
/bin/bash: /Users/shrla/downloads/kccp-attendance/watch-and-deploy.sh: Operation not permitted
/bin/bash: /Users/shrla/downloads/kccp-attendance/watch-and-deploy.sh: Operation not permitted
👀 Watching /Users/shrla/downloads/kccp-attendance for changes...
   Any file edits will auto-commit and push to GitHub.
   Press Ctrl+C to stop.

📝 Change detected — pushing...
[main 3914928] auto-update 2026-04-18 20:26:27
 1 file changed, 10 insertions(+)
 create mode 100644 watch-deploy.log
To https://github.com/shrlak/kccp-attendance.git
   4a424fd..3914928  main -> main
✅ Pushed successfully at 20:26:28
📝 Change detected — pushing...
[main 1d9b100] auto-update 2026-04-18 20:26:31
 1 file changed, 7 insertions(+)
To https://github.com/shrlak/kccp-attendance.git
   3914928..1d9b100  main -> main
✅ Pushed successfully at 20:26:32
📝 Change detected — pushing...
[main 7480184] auto-update 2026-04-18 20:26:35
 1 file changed, 6 insertions(+)
To https://github.com/shrlak/kccp-attendance.git
   1d9b100..7480184  main -> main
✅ Pushed successfully at 20:26:35
📝 Change detected — pushing...
[main 32534c3] auto-update 2026-04-18 20:26:38
 1 file changed, 6 insertions(+)
To https://github.com/shrlak/kccp-attendance.git
   7480184..32534c3  main -> main
✅ Pushed successfully at 20:26:39
📝 Change detected — pushing...
[main 8ff7fa6] auto-update 2026-04-18 20:26:42
 1 file changed, 6 insertions(+)
To https://github.com/shrlak/kccp-attendance.git
   32534c3..8ff7fa6  main -> main
✅ Pushed successfully at 20:26:43
📝 Change detected — pushing...
[main 8c9980e] auto-update 2026-04-18 20:26:46
 1 file changed, 6 insertions(+)
To https://github.com/shrlak/kccp-attendance.git
   8ff7fa6..8c9980e  main -> main
✅ Pushed successfully at 20:26:46
📝 Change detected — pushing...
[main 97a3d73] auto-update 2026-04-18 20:26:49
 1 file changed, 6 insertions(+)
To https://github.com/shrlak/kccp-attendance.git
   8c9980e..97a3d73  main -> main
✅ Pushed successfully at 20:26:50
📝 Change detected — pushing...
[main 11dd79d] auto-update 2026-04-18 20:26:53
 1 file changed, 6 insertions(+)
To https://github.com/shrlak/kccp-attendance.git
   97a3d73..11dd79d  main -> main
✅ Pushed successfully at 20:26:54
📝 Change detected — pushing...
[main 61c6949] auto-update 2026-04-18 20:26:57
 1 file changed, 6 insertions(+)
To https://github.com/shrlak/kccp-attendance.git
   11dd79d..61c6949  main -> main
✅ Pushed successfully at 20:26:57
📝 Change detected — pushing...
[main ed46f9f] auto-update 2026-04-18 20:27:00
 1 file changed, 6 insertions(+)
To https://github.com/shrlak/kccp-attendance.git
   61c6949..ed46f9f  main -> main
✅ Pushed successfully at 20:27:01
📝 Change detected — pushing...
